Script started on 2019-10-10 16:41:31-04:00 [TERM="xterm-256color" TTY="/dev/pts/1" COLUMNS="80" LINES="24"]
trecupe1@g7-11:/import/linux/home1/trecupe1/git-repos/i220b/work/lab8$ ls
lab8.log  lab8_output.txt
trecupe1@g7-11:/import/linux/home1/trecupe1/git-repos/i220b/work/lab8$ cd [Ktrecupe1@g7-11:/import/linux/home1/trecupe1/git-repos/i220b/work/lab8$ cd [Ktrecupe1@g7-11:/import/linux/home1/trecupe1/git-repos/i220b/work/lab8$ cd [Ktrecupe1@g7-11:/import/linux/home1/trecupe1/git-repos/i220b/work/lab8$ cd [Ktrecupe1@g7-11:/import/linux/home1/trecupe1/git-repos/i220b/work/lab8$ cd [Ktrecupe1@g7-11:/import/linux/home1/trecupe1/git-repos/i220b/work/lab8$ cd  [K[Atrecupe1@g7-11:/import/linux/home1/trecupe1/git-repos/i220b/work/lab8$ cd [K[Atrecupe1@g7-11:/import/linux/home1/trecupe1/git-repos/i220b/work/lab8$ c
d [K[Atrecupe1@g7-11:/import/linux/home1/trecupe1/git-repos/i220b/work/lab8$ cd [K[Atrecupe1@g7-11:/import/linux/home1/trecupe1/git-repos/i220b/work/lab8$ cd [K[Atrecupe1@g7-11:/import/linux/home1/trecupe1/git-repos/i220b/work/lab8$ cd  [K[Atrecupe1@g7-11:/import/linux/home1/trecupe1/git-repos/i220b/work/lab8$ cd [Ktrecupe1@g7-11:/import/linux/home1/trecupe1/git-repos/i220b/work/lab8$ cd [Ktrecupe1@g7-11:/import/linux/home1/trecupe1/git-repos/i220b/work/lab8$ cd [Ktrecupe1@g7-11:/import/linux/home1/trecupe1/git-repos/i220b/work/lab8$ cd [K[K[Kcd ~/ git-repos
trecupe1@g7-11:~/git-repos$ ls
cs220  i220b
trecupe1@g7-11:~/git-repos$ mkdir lab8.git
trecupe1@g7-11:~/git-repos$ cd lab8.git/
trecupe1@g7-11:~/git-repos/lab8.git$ git init --bare
Initialized empty Git repository in /import/linux/home1/trecupe1/git-repos/lab8.git/
trecupe1@g7-11:~/git-repos/lab8.git$ mkdir -p ![K~temp[K[K[K[K/tmp
trecupe1@g7-11:~/git-repos/lab8.git$ cd ~/tmp
trecupe1@g7-11:~/tmp$ git clone \
>   ssh://LOGIN@remote.cs.binghamton.edu/home/LOGIN/git-repos/lab8.git[C[1P/git-repos/lab8.git[1P/git-repos/lab8.git[1P/git-repos/lab8.git[1P/git-repos/lab8.git[1P/git-repos/lab8.gitt/git-repos/lab8.gitr/git-repos/lab8.gite/git-repos/lab8.gitc/git-repos/lab8.gitu/git-repos/lab8.gitp/git-repos/lab8.gite/git-repos/lab8.git1/git-repos/lab8.git[C[1P@remote.cs.binghamton.edu/home/trecupe1/git-repos/lab8.git[C[C[C[C[C[C[C[C[C[C[C[C[C[C[1P@remote.cs.binghamton.edu/home/trecupe1/git-repos/lab8.git[C[C[C[C[C[C[C[C[C[C[C[C[C[1P@remote.cs.binghamton.edu/home/trecupe1/git-repos/lab8.git[C[C[C[C[C[C[C[C[C[C[C[C[1P@remote.cs.binghamton.edu/home/trecupe1/git-repos/lab8.git[C[C[C[C[C[C[C[C[C[C[C[1P@remote.cs.binghamton.edu/home/trecupe1/git-repos/lab8.git[C[C[C[C[C[C[C[C[C[Ct@remote.cs.binghamton.edu/home/trecupe1/git-repos/lab8.git[C[C[C[C[C[C[C[C[C[C[Cr@remote.cs.binghamton.edu/home/trecupe1/git-repos/lab8.git[C[C[C[C[C[C[C[C[C[C[C[Ce@remote.cs.binghamton.edu/home/trecupe1/git-repos/lab8.git[C[C[C[C[C[C[C[C[C[C[C[C[Cc@remote.cs.binghamton.edu/home/trecupe1/git-repos/lab8.git[C[C[C[C[C[C[C[C[C[C[C[C[C[Cu@remote.cs.binghamton.edu/home/trecupe1/git-repos/lab8.git[C[C[C[C[C[C[C[C[C[C[C[C[C[C[Cp@remote.cs.binghamton.edu/home/trecupe1/git-repos/lab8.git[C[C[C[C[C[C[C[C[C[C[C[C[C[C[C[Ce@remote.cs.binghamton.edu/home/trecupe1/git-repos/lab8.git[C[C[C[C[C[C[C[C[C[C[C[C[C[C[C[C[C1@remote.cs.binghamton.edu/home/trecupe1/git-repos/lab8.git [A[C[C[C[C[C[C[C[C[C[C[C[C[C[C[C[C[C
Cloning into 'lab8'...
trecupe1@remote.cs.binghamton.edu's password: 
warning: You appear to have cloned an empty repository.
trecupe1@g7-11:~/tmp$ ls
lab8
trecupe1@g7-11:~/tmp$ cd lab8
trecupe1@g7-11:~/tmp/lab8$ git rempt [K[K[K[Kmote -v
origin	ssh://trecupe1@remote.cs.binghamton.edu/home/trecupe1/git-repos/lab8.git (fetch)
origin	ssh://trecupe1@remote.cs.binghamton.edu/home/trecupe1/git-repos/lab8.git (push)
trecupe1@g7-11:~/tmp/lab8$ ls -a
.  ..  .git
trecupe1@g7-11:~/tmp/lab8$ mkfir[K[K[Kdir - [Kp work.[K/lab8
trecupe1@g7-11:~/tmp/lab8$ cd work/lab8
trecupe1@g7-11:~/tmp/lab8/work/lab8$ cp ~/cs220/labs/lab8/files/README.md .
trecupe1@g7-11:~/tmp/lab8/work/lab8$ ls
README.md
trecupe1@g7-11:~/tmp/lab8/work/lab8$ git stst[K[Katus
On branch master

No commits yet

Untracked files:
  (use "git add <file>..." to include in what will be committed)

	[31m../[m

nothing added to commit but untracked files present (use "git add" to track)
trecupe1@g7-11:~/tmp/lab8/work/lab8$ git add README.md
trecupe1@g7-11:~/tmp/lab8/work/lab8$ git stys[K[Katis[K[Kus --short
[32mA[m  README.md
trecupe1@g7-11:~/tmp/lab8/work/lab8$ git commit -m ' [Kas[Kdded READN=N[K[K[KNE[K[KME'
[master (root-commit) cf35407] added README
 1 file changed, 4 insertions(+)
 create mode 100644 work/lab8/README.md
trecupe1@g7-11:~/tmp/lab8/work/lab8$ git brt[K[Kranch -l
[?1h=* [32mmaster[m[m
[K[?1l>trecupe1@g7-11:~/tmp/lab8/work/lab8$ git push --set-upstream origin master
trecupe1@remote.cs.binghamton.edu's password: 
Enumerating objects: 5, done.
Counting objects:  20% (1/5)   Counting objects:  40% (2/5)   Counting objects:  60% (3/5)   Counting objects:  80% (4/5)   Counting objects: 100% (5/5)   Counting objects: 100% (5/5), done.
Writing objects:  20% (1/5)   Writing objects:  40% (2/5)   Writing objects:  60% (3/5)   Writing objects:  80% (4/5)   Writing objects: 100% (5/5)   Writing objects: 100% (5/5), 339 bytes | 169.00 KiB/s, done.
Total 5 (delta 0), reused 0 (delta 0)
To ssh://remote.cs.binghamton.edu/home/trecupe1/git-repos/lab8.git
 * [new branch]      master -> master
Branch 'master' set up to track remote branch 'master' from 'origin'.
trecupe1@g7-11:~/tmp/lab8/work/lab8$ git status -s
trecupe1@g7-11:~/tmp/lab8/work/lab8$ cp ~/cs220/labs/lab8/files/Makefile .
trecupe1@g7-11:~/tmp/lab8/work/lab8$ cp ~/cs220/labs/lab8/files/hello-one.c hello.c
trecupe1@g7-11:~/tmp/lab8/work/lab8$ make
cc -g -Wall -std=c11    hello.c   -o hello
[01m[Khello.c:[m[K In function â€˜[01m[Kmain[m[Kâ€™:
[01m[Khello.c:5:5:[m[K [01;35m[Kwarning: [m[Kimplicit declaration of function â€˜[01m[Kprintf[m[Kâ€™ [[01;35m[K-Wimplicit-function-declaration[m[K]
     [01;35m[Kprintf[m[K("usage: %s NAME\n", argv[0]);
     [01;35m[K^~~~~~[m[K
[01m[Khello.c:5:5:[m[K [01;35m[Kwarning: [m[Kincompatible implicit declaration of built-in function â€˜[01m[Kprintf[m[Kâ€™
[01m[Khello.c:5:5:[m[K [01;36m[Knote: [m[Kinclude â€˜[01m[K<stdio.h>[m[Kâ€™ or provide a declaration of â€˜[01m[Kprintf[m[Kâ€™
[01m[Khello.c:1:1:[m[K
+[32m[K#include <stdio.h>[m[K
 int
[01m[Khello.c:5:5:[m[K
     [01;36m[Kprintf[m[K("usage: %s NAME\n", argv[0]);
     [01;36m[K^~~~~~[m[K
[01m[Khello.c:6:5:[m[K [01;35m[Kwarning: [m[Kimplicit declaration of function â€˜[01m[Kexit[m[Kâ€™ [[01;35m[K-Wimplicit-function-declaration[m[K]
     [01;35m[Kexit[m[K(1);
     [01;35m[K^~~~[m[K
[01m[Khello.c:6:5:[m[K [01;35m[Kwarning: [m[Kincompatible implicit declaration of built-in function â€˜[01m[Kexit[m[Kâ€™
[01m[Khello.c:6:5:[m[K [01;36m[Knote: [m[Kinclude â€˜[01m[K<stdlib.h>[m[Kâ€™ or provide a declaration of â€˜[01m[Kexit[m[Kâ€™
[01m[Khello.c:1:1:[m[K
+[32m[K#include <stdlib.h>[m[K
 int
[01m[Khello.c:6:5:[m[K
     [01;36m[Kexit[m[K(1);
     [01;36m[K^~~~[m[K
[01m[Khello.c:8:3:[m[K [01;35m[Kwarning: [m[Kincompatible implicit declaration of built-in function â€˜[01m[Kprintf[m[Kâ€™
   [01;35m[Kprintf[m[K("hello %s\n", argv[1]);
   [01;35m[K^~~~~~[m[K
[01m[Khello.c:8:3:[m[K [01;36m[Knote: [m[Kinclude â€˜[01m[K<stdio.h>[m[Kâ€™ or provide a declaration of â€˜[01m[Kprintf[m[Kâ€™
trecupe1@g7-11:~/tmp/lab8/work/lab8$ ./hello
usage: ./hello NAME
trecupe1@g7-11:~/tmp/lab8/work/lab8$ ./hello john
hello john
trecupe1@g7-11:~/tmp/lab8/work/lab8$ [Ktrecupe1@g7-11:~/tmp/lab8/work/lab8$ [Ktrecupe1@g7-11:~/tmp/lab8/work/lab8$ [Ktrecupe1@g7-11:~/tmp/lab8/work/lab8$ [Ktrecupe1@g7-11:~/tmp/lab8/work/lab8$ [Ktrecupe1@g7-11:~/tmp/lab8/work/lab8$ [Ktrecupe1@g7-11:~/tmp/lab8/work/lab8$ [Ktrecupe1@g7-11:~/tmp/lab8/work/lab8$ [Ktrecupe1@g7-11:~/tmp/lab8/work/lab8$ [Ktrecupe1@g7-11:~/tmp/lab8/work/lab8$ [Ktrecupe1@g7-11:~/tmp/lab8/work/lab8$ [Ktrecupe1@g7-11:~/tmp/lab8/work/lab8$ [Ktrecupe1@g7-11:~/tmp/lab8/work/lab8$ [Ktrecupe1@g7-11:~/tmp/lab8/work/lab8$ [Ktrecupe1@g7-11:~/tmp/lab8/work/lab8$ [Ktrecupe1@g7-11:~/tmp/lab8/work/lab8$ [Ktrecupe1@g7-11:~/tmp/lab8/work/lab8$ [Ktrecupe1@g7-11:~/tmp/lab8/work/lab8$ [Ktrecupe1@g7-11:~/tmp/lab8/work/lab8$ [Ktrecupe1@g7-11:~/tmp/lab8/work/lab8$ [Ktrecupe1@g7-11:~/tmp/lab8/work/lab8$ [Ktrecupe1@g7-11:~/tmp/lab8/work/lab8$ [Ktrecupe1@g7-11:~/tmp/lab8/work/lab8$ [Ktrecupe1@g7-11:~/tmp/lab8/work/lab8$ [Ktrecupe1@g7-11:~/tmp/lab8/work/lab8$ [Ktrecupe1@g7-11:~/tmp/lab8/work/lab8$ [Ktrecupe1@g7-11:~/tmp/lab8/work/lab8$ [Ktrecupe1@g7-11:~/tmp/lab8/work/lab8$ ^C
trecupe1@g7-11:~/tmp/lab8/work/lab8$ ^C
trecupe1@g7-11:~/tmp/lab8/work/lab8$ ^C
trecupe1@g7-11:~/tmp/lab8/work/lab8$ git stst[K[Katus -s
[31m??[m Makefile
[31m??[m hello
[31m??[m hello.c
trecupe1@g7-11:~/tmp/lab8/work/lab8$ cp ~/cs220/labs/lab8/files/.gitignore . [A[C[C[C[C[C[C[C[C[C[C[C[C[C[C[C[C[C[C[C[C[C[C[C[C[C[C[C[C[C[C[C[C[C[C[C[C[C[C[C[C[C[C[C[C[C[C[C[C[C[C[C[C[C[C[C[C[C[C[C[C[C[C[C[C[C[C[C[C[C[C[C[C[C[C[C[K.
trecupe1@g7-11:~/tmp/lab8/work/lab8$ cp ~/cs220/labs/lab8/files/.gitignore . [A[C[C[C[C[C[C[C[C[C[C[C[C[C[C[C[C[C[C[C[C[C[C[C[C[C[C[C[C[C[C[C[C[C[C[C[C[C[26Pgit status -s
[K[A[C[C[C[C[C[C[C[C[C[C[C[C[C[C[C[C[C[C[C[C[C[C[C[C[C[C[C[C[C[C[C[C[C[C[C[C[C[C[C[C[C[C[C[C[C[C[C[C[C[C
[31m??[m .gitignore
[31m??[m Makefile
[31m??[m hello.c
trecupe1@g7-11:~/tmp/lab8/work/lab8$ git add .
trecupe1@g7-11:~/tmp/lab8/work/lab8$ git add .status -s
[32mA[m  .gitignore
[32mA[m  Makefile
[32mA[m  hello.c
trecupe1@g7-11:~/tmp/lab8/work/lab8$ git commit -m ''w'o'r'k'i'n'g' 'w'i't'h' 'w'a'r'n'i'n'g' '[1P's'
[master a1e7e58] working with warnings
 3 files changed, 22 insertions(+)
 create mode 100644 work/lab8/.gitignore
 create mode 100644 work/lab8/Makefile
 create mode 100644 work/lab8/hello.c
trecupe1@g7-11:~/tmp/lab8/work/lab8$ git commit -m 'working with warnings'status -s[K
trecupe1@g7-11:~/tmp/lab8/work/lab8$ git status -scommit -m 'working with warnings'status -s[K[4Padd .status -s[K[K[K[K[K[K[K[K[Kpush
Warning: Permanently added the ECDSA host key for IP address '128.226.114.206' to the list of known hosts.
trecupe1@remote.cs.binghamton.edu's password: 
Enumerating objects: 10, done.
Counting objects:  10% (1/10)   Counting objects:  20% (2/10)   Counting objects:  30% (3/10)   Counting objects:  40% (4/10)   Counting objects:  50% (5/10)   Counting objects:  60% (6/10)   Counting objects:  70% (7/10)   Counting objects:  80% (8/10)   Counting objects:  90% (9/10)   Counting objects: 100% (10/10)   Counting objects: 100% (10/10), done.
Delta compression using up to 8 threads
Compressing objects:  25% (1/4)   Compressing objects:  50% (2/4)   Compressing objects:  75% (3/4)   Compressing objects: 100% (4/4)   Compressing objects: 100% (4/4), done.
Writing objects:  14% (1/7)   Writing objects:  28% (2/7)   Writing objects:  42% (3/7)   Writing objects:  57% (4/7)   Writing objects:  71% (5/7)   Writing objects:  85% (6/7)   Writing objects: 100% (7/7)   Writing objects: 100% (7/7), 671 bytes | 335.00 KiB/s, done.
Total 7 (delta 0), reused 0 (delta 0)
To ssh://remote.cs.binghamton.edu/home/trecupe1/git-repos/lab8.git
   cf35407..a1e7e58  master -> master
trecupe1@g7-11:~/tmp/lab8/work/lab8$ git lof[Kg
[?1h=[33mcommit a1e7e5851446309f7d526bb9b8539b45861c3623[m[33m ([m[1;36mHEAD -> [m[1;32mmaster[m[33m, [m[1;31morigin/mast[m [33m[m[33m[m[1;36m[m[1;32m[m[33m[m[1;31mer[m[33m)[m[m
Author: Travis Recupero <trecupe1@binghamton.edu>[m
Date:   Thu Oct 10 17:03:36 2019 -0400[m
[m
    working with warnings[m
[m
[33mcommit cf35407f8e75526529482109cc5b8c16056041d9[m[m
Author: Travis Recupero <trecupe1@binghamton.edu>[m
Date:   Thu Oct 10 16:47:55 2019 -0400[m
[m
    added README[m
[K[?1l>trecupe1@g7-11:~/tmp/lab8/work/lab8$ ^C
trecupe1@g7-11:~/tmp/lab8/work/lab8$ make
make: Nothing to be done for 'all'.
trecupe1@g7-11:~/tmp/lab8/work/lab8$ ./hello sue
hello sue
trecupe1@g7-11:~/tmp/lab8/work/lab8$ git status -s
trecupe1@g7-11:~/tmp/lab8/work/lab8$ git status -s M hello.c[K[K[K[K[K[K[K[K[K[K
trecupe1@g7-11:~/tmp/lab8/work/lab8$ git sts[Katus
On branch master
Your branch is up to date with 'origin/master'.

nothing to commit, working tree clean
trecupe1@g7-11:~/tmp/lab8/work/lab8$ ls
hello  hello.c	Makefile  README.md
trecupe1@g7-11:~/tmp/lab8/work/lab8$ gedit *

(gedit:10286): Gtk-[1;33mWARNING[0m **: [34m17:09:02.124[0m: Calling org.xfce.Session.Manager.Inhibit failed: GDBus.Error:org.freedesktop.DBus.Error.UnknownMethod: Method "Inhibit" with signature "susu" on interface "org.xfce.Session.Manager" doesn't exist

trecupe1@g7-11:~/tmp/lab8/work/lab8$ make
cc -g -Wall -std=c11    hello.c   -o hello
trecupe1@g7-11:~/tmp/lab8/work/lab8$ makegedit *ls[Kgit status -s[2P./hello sue
hello sue
trecupe1@g7-11:~/tmp/lab8/work/lab8$ ./hello sue[7Pmakegedit *ls[Kgit status -s
 [31mM[m hello.c
trecupe1@g7-11:~/tmp/lab8/work/lab8$ git commit -a -m ''w'o'r'k'i'n' '[1P'g' '[1P':' 'c'l'e'a'n' 'c'o'm'i'l' [A[C[C[C[C[C[C[C[C[C[C[C[C[C[C[C[C[C[C[C[C[C[C[C[C[C[C[C[C[C[C[C[C[C[C[C[C[C[C[C[C[C[C[C[C[C[C[C[C[C[C[C[C[C[C[C[C[C[C[C[C[C[C[C[C[C[C[C[C[C[C[C[C[C[Ce'[A[C[C[C[C[C[C[C[C[C[C[C[C[C[C[C[C[C[C[C[C[C[C[C[C[C[C[C[C[C[C[C[C[C[C[C[C[C[C[C[C[C[C[C[C[C[C[C[C[C[C[C[C[C[C[C[C[C[C[C[C[C[C[C[C[C[C[C[C[C[C[C[C[C[C[C' [K[A[C[C[C[C[C[C[C[C[C[C[C[C[C[C[C[C[C[C[C[C[C[C[C[C[C[C[C[C[C[C[C[C[C[C[C[C[C[C[C[C[C[C[C[C[C[C[C[C[C[C[C[C[C[C[C[C[C[C[C[C[C[C[C[C[C[C[C[C[C[C[C[C[C[C[C[1P'
[K[A[C[C[C[C[C[C[C[C[C[C[C[C[C[C[C[C[C[C[C[C[C[C[C[C[C[C[C[C[C[C[C[C[C[C[C[C[C[C[C[C[C[C[C[C[C[C[C[C[C[C[C[C[C[C[C[C[C[C[C[C[C[C[C[C[C[C[C[C[C[C[C[C[C[C[1P'[1P'm'p'i' [A[C[C[C[C[C[C[C[C[C[C[C[C[C[C[C[C[C[C[C[C[C[C[C[C[C[C[C[C[C[C[C[C[C[C[C[C[C[C[C[C[C[C[C[C[C[C[C[C[C[C[C[C[C[C[C[C[C[C[C[C[C[C[C[C[C[C[C[C[C[C[C[C[C[Cl'e'
[master a029b44] working: clean compile
 1 file changed, 3 insertions(+)
trecupe1@g7-11:~/tmp/lab8/work/lab8$ git push [K
trecupe1@remote.cs.binghamton.edu's password: 
Enumerating objects: 9, done.
Counting objects:  11% (1/9)   Counting objects:  22% (2/9)   Counting objects:  33% (3/9)   Counting objects:  44% (4/9)   Counting objects:  55% (5/9)   Counting objects:  66% (6/9)   Counting objects:  77% (7/9)   Counting objects:  88% (8/9)   Counting objects: 100% (9/9)   Counting objects: 100% (9/9), done.
Delta compression using up to 8 threads
Compressing objects:  33% (1/3)   Compressing objects:  66% (2/3)   Compressing objects: 100% (3/3)   Compressing objects: 100% (3/3), done.
Writing objects:  20% (1/5)   Writing objects:  40% (2/5)   Writing objects:  60% (3/5)   Writing objects:  80% (4/5)   Writing objects: 100% (5/5)   Writing objects: 100% (5/5), 403 bytes | 403.00 KiB/s, done.
Total 5 (delta 2), reused 0 (delta 0)
To ssh://remote.cs.binghamton.edu/home/trecupe1/git-repos/lab8.git
   a1e7e58..a029b44  master -> master
trecupe1@g7-11:~/tmp/lab8/work/lab8$ git log hello.c
[?1h=[33mcommit a029b44dce0eb2d95066b34088dd4b6c7c4e7d62[m[33m ([m[1;36mHEAD -> [m[1;32mmaster[m[33m, [m[1;31morigin/mast[m [33m[m[33m[m[1;36m[m[1;32m[m[33m[m[1;31mer[m[33m)[m[m
Author: Travis Recupero <trecupe1@binghamton.edu>[m
Date:   Thu Oct 10 17:10:18 2019 -0400[m
[m
    working: clean compile[m
[m
[33mcommit a1e7e5851446309f7d526bb9b8539b45861c3623[m[m
Author: Travis Recupero <trecupe1@binghamton.edu>[m
Date:   Thu Oct 10 17:03:36 2019 -0400[m
[m
    working with warnings[m
[K[?1l>trecupe1@g7-11:~/tmp/lab8/work/lab8$ git log [K[K[K[K[K[K[K[Kgit log -1 hello.c
[?1h=[33mcommit a029b44dce0eb2d95066b34088dd4b6c7c4e7d62[m[33m ([m[1;36mHEAD -> [m[1;32mmaster[m[33m, [m[1;31morigin/mast[m [33m[m[33m[m[1;36m[m[1;32m[m[33m[m[1;31mer[m[33m)[m[m
Author: Travis Recupero <trecupe1@binghamton.edu>[m
Date:   Thu Oct 10 17:10:18 2019 -0400[m
[m
    working: clean compile[m
[K[?1l>trecupe1@g7-11:~/tmp/lab8/work/lab8$ gedit *

(gedit:10730): Gtk-[1;33mWARNING[0m **: [34m17:13:04.567[0m: Calling org.xfce.Session.Manager.Inhibit failed: GDBus.Error:org.freedesktop.DBus.Error.UnknownMethod: Method "Inhibit" with signature "susu" on interface "org.xfce.Session.Manager" doesn't exist

trecupe1@g7-11:~/tmp/lab8/work/lab8$ make
cc -g -Wall -std=c11    hello.c   -o hello
trecupe1@g7-11:~/tmp/lab8/work/lab8$ ./hello >dev[C/dev[C[C[C/NU[K[Knull
usage: ./hello NAME
trecupe1@g7-11:~/tmp/lab8/work/lab8$ git diff
[?1h=[1mdiff --git a/work/lab8/hello.c b/work/lab8/hello.c[m[m
[1mindex 14e4e73..707ef29 100644[m[m
[1m--- a/work/lab8/hello.c[m[m
[1m+++ b/work/lab8/hello.c[m[m
[36m@@ -5,7 +5,7 @@[m [mint[m[m
 main(int argc, const char *argv[])[m[m
 {[m[m
   if (argc != 2) {[m[m
[31m-    printf("usage: %s NAME\n", argv[0]);[m[m
[32m+[m[32m    fprintf(stderr, "usage: %s NAME\n", argv[0]);[m[m
     exit(1);[m[m
   }[m[m
   printf("hello %s\n", argv[1]);[m[m
[K[?1l>trecupe1@g7-11:~/tmp/lab8/work/lab8$ git commit -a -a[Km ''s'e'n'd' 'u's'a'g'e' 'm'e's's'a'g'e' 't' [A[C[C[C[C[C[C[C[C[C[C[C[C[C[C[C[C[C[C[C[C[C[C[C[C[C[C[C[C[C[C[C[C[C[C[C[C[C[C[C[C[C[C[C[C[C[C[C[C[C[C[C[C[C[C[C[C[C[C[C[C[C[C[C[C[C[C[C[C[C[C[C[C[C[Co' 's't'd'e'r'r'
[master 0b1533e] send usage message to stderr
 1 file changed, 1 insertion(+), 1 deletion(-)
trecupe1@g7-11:~/tmp/lab8/work/lab8$ git push
trecupe1@remote.cs.binghamton.edu's password: 
Enumerating objects: 9, done.
Counting objects:  11% (1/9)   Counting objects:  22% (2/9)   Counting objects:  33% (3/9)   Counting objects:  44% (4/9)   Counting objects:  55% (5/9)   Counting objects:  66% (6/9)   Counting objects:  77% (7/9)   Counting objects:  88% (8/9)   Counting objects: 100% (9/9)   Counting objects: 100% (9/9), done.
Delta compression using up to 8 threads
Compressing objects:  33% (1/3)   Compressing objects:  66% (2/3)   Compressing objects: 100% (3/3)   Compressing objects: 100% (3/3), done.
Writing objects:  20% (1/5)   Writing objects:  40% (2/5)   Writing objects:  60% (3/5)   Writing objects:  80% (4/5)   Writing objects: 100% (5/5)   Writing objects: 100% (5/5), 397 bytes | 397.00 KiB/s, done.
Total 5 (delta 2), reused 0 (delta 0)
To ssh://remote.cs.binghamton.edu/home/trecupe1/git-repos/lab8.git
   a029b44..0b1533e  master -> master
trecupe1@g7-11:~/tmp/lab8/work/lab8$ git shortlof[Kg
[?1h=Travis Recupero (4):[m
      added README[m
      working with warnings[m
      working: clean compile[m
      send usage message to stderr[m
[m
[K[?1l>trecupe1@g7-11:~/tmp/lab8/work/lab8$ ^C
trecupe1@g7-11:~/tmp/lab8/work/lab8$ git checkout -v[Kb hello-multi
Switched to a new branch 'hello-multi'
trecupe1@g7-11:~/tmp/lab8/work/lab8$ ls
hello  hello.c	Makefile  README.md
trecupe1@g7-11:~/tmp/lab8/work/lab8$ git branch -l
[?1h=* [32mhello-multi[m[m
  master[m[m
[K[?1l>trecupe1@g7-11:~/tmp/lab8/work/lab8$ cp ~/cs220/labs/lab8/files/hello-multi.c hello.c
trecupe1@g7-11:~/tmp/lab8/work/lab8$ make
cc -g -Wall -std=c11    hello.c   -o hello
trecupe1@g7-11:~/tmp/lab8/work/lab8$ ,/hello
bash: ,/hello: No such file or directory
trecupe1@g7-11:~/tmp/lab8/work/lab8$ ./hello
usage: ./hello NAME...
trecupe1@g7-11:~/tmp/lab8/work/lab8$ ./hello john sur[Ke
hello john
hello sue
trecupe1@g7-11:~/tmp/lab8/work/lab8$ git commit -a -m ''a'l'l'o'w' 'g'r'e'e't'i'n'g' 'm'u'l't'i' [A[C[C[C[C[C[C[C[C[C[C[C[C[C[C[C[C[C[C[C[C[C[C[C[C[C[C[C[C[C[C[C[C[C[C[C[C[C[C[C[C[C[C[C[C[C[C[C[C[C[C[C[C[C[C[C[C[C[C[C[C[C[C[C[C[C[C[C[C[C[C[C[C[C[Cp'l'e' 'n'a'm'e's'
[hello-multi 854e74d] allow greeting multiple names
 1 file changed, 5 insertions(+), 3 deletions(-)
trecupe1@g7-11:~/tmp/lab8/work/lab8$ git push -u origin hello-multi
Warning: Permanently added the ECDSA host key for IP address '128.226.114.201' to the list of known hosts.
trecupe1@remote.cs.binghamton.edu's password: 
Enumerating objects: 9, done.
Counting objects:  11% (1/9)   Counting objects:  22% (2/9)   Counting objects:  33% (3/9)   Counting objects:  44% (4/9)   Counting objects:  55% (5/9)   Counting objects:  66% (6/9)   Counting objects:  77% (7/9)   Counting objects:  88% (8/9)   Counting objects: 100% (9/9)   Counting objects: 100% (9/9), done.
Delta compression using up to 8 threads
Compressing objects:  33% (1/3)   Compressing objects:  66% (2/3)   Compressing objects: 100% (3/3)   Compressing objects: 100% (3/3), done.
Writing objects:  20% (1/5)   Writing objects:  40% (2/5)   Writing objects:  60% (3/5)   Writing objects:  80% (4/5)   Writing objects: 100% (5/5)   Writing objects: 100% (5/5), 460 bytes | 230.00 KiB/s, done.
Total 5 (delta 2), reused 0 (delta 0)
To ssh://remote.cs.binghamton.edu/home/trecupe1/git-repos/lab8.git
 * [new branch]      hello-multi -> hello-multi
Branch 'hello-multi' set up to track remote branch 'hello-multi' from 'origin'.
trecupe1@g7-11:~/tmp/lab8/work/lab8$ git chce[K[K[K[Kcheckotu[K[Kut master
Switched to branch 'master'
Your branch is up to date with 'origin/master'.
trecupe1@g7-11:~/tmp/lab8/work/lab8$ make
cc -g -Wall -std=c11    hello.c   -o hello
trecupe1@g7-11:~/tmp/lab8/work/lab8$ ./hello john sur[Ke
usage: ./hello NAME
trecupe1@g7-11:~/tmp/lab8/work/lab8$ gedit[K[K[Kdit *

(gedit:12599): Gtk-[1;33mWARNING[0m **: [34m17:28:57.672[0m: Calling org.xfce.Session.Manager.Inhibit failed: GDBus.Error:org.freedesktop.DBus.Error.UnknownMethod: Method "Inhibit" with signature "susu" on interface "org.xfce.Session.Manager" doesn't exist

trecupe1@g7-11:~/tmp/lab8/work/lab8$ make
cc -g -Wall -std=c11    hello.c   -o hello
trecupe1@g7-11:~/tmp/lab8/work/lab8$ ./ [Khello sue
hello sue
trecupe1@g7-11:~/tmp/lab8/work/lab8$ git commi [Kt -a m[K-jm[K[Km ''a's's'[1P'[1P'd'd'e'd' 'a' 'r'e't'u'r'n' 'a' '[1P't' 't'h' [A[C[C[C[C[C[C[C[C[C[C[C[C[C[C[C[C[C[C[C[C[C[C[C[C[C[C[C[C[C[C[C[C[C[C[C[C[C[C[C[C[C[C[C[C[C[C[C[C[C[C[C[C[C[C[C[C[C[C[C[C[C[C[C[C[C[C[C[C[C[C[C[C[C[C[1P'
[K[A[C[C[C[C[C[C[C[C[C[C[C[C[C[C[C[C[C[C[C[C[C[C[C[C[C[C[C[C[C[C[C[C[C[C[C[C[C[C[C[C[C[C[C[C[C[C[C[C[C[C[C[C[C[C[C[C[C[C[C[C[C[C[C[C[C[C[C[C[C[C[C[C[C[C[1P'e'n' [A[C[C[C[C[C[C[C[C[C[C[C[C[C[C[C[C[C[C[C[C[C[C[C[C[C[C[C[C[C[C[C[C[C[C[C[C[C[C[C[C[C[C[C[C[C[C[C[C[C[C[C[C[C[C[C[C[C[C[C[C[C[C[C[C[C[C[C[C[C[C[C[C[C[Cd' 'o'f' 'm'a'i'n'(')'
[master 2b1050f] added a return at end of main()
 1 file changed, 1 insertion(+)
trecupe1@g7-11:~/tmp/lab8/work/lab8$ git push
trecupe1@remote.cs.binghamton.edu's password: 
Enumerating objects: 9, done.
Counting objects:  11% (1/9)   Counting objects:  22% (2/9)   Counting objects:  33% (3/9)   Counting objects:  44% (4/9)   Counting objects:  55% (5/9)   Counting objects:  66% (6/9)   Counting objects:  77% (7/9)   Counting objects:  88% (8/9)   Counting objects: 100% (9/9)   Counting objects: 100% (9/9), done.
Delta compression using up to 8 threads
Compressing objects:  33% (1/3)   Compressing objects:  66% (2/3)   Compressing objects: 100% (3/3)   Compressing objects: 100% (3/3), done.
Writing objects:  20% (1/5)   Writing objects:  40% (2/5)   Writing objects:  60% (3/5)   Writing objects:  80% (4/5)   Writing objects: 100% (5/5)   Writing objects: 100% (5/5), 393 bytes | 393.00 KiB/s, done.
Total 5 (delta 2), reused 0 (delta 0)
To ssh://remote.cs.binghamton.edu/home/trecupe1/git-repos/lab8.git
   0b1533e..2b1050f  master -> master
trecupe1@g7-11:~/tmp/lab8/work/lab8$ ^C
trecupe1@g7-11:~/tmp/lab8/work/lab8$ ls
hello  hello.c	Makefile  README.md
trecupe1@g7-11:~/tmp/lab8/work/lab8$ git checkout hello [K-multi
Switched to branch 'hello-multi'
Your branch is up to date with 'origin/hello-multi'.
trecupe1@g7-11:~/tmp/lab8/work/lab8$ git merge master
Auto-merging work/lab8/hello.c
CONFLICT (content): Merge conflict in work/lab8/hello.c
Automatic merge failed; fix conflicts and then commit the result.
trecupe1@g7-11:~/tmp/lab8/work/lab8$ git gedit *
git: 'gedit' is not a git command. See 'git --help'.
trecupe1@g7-11:~/tmp/lab8/work/lab8$ gedit *

(gedit:13325): Gtk-[1;33mWARNING[0m **: [34m17:36:07.967[0m: Calling org.xfce.Session.Manager.Inhibit failed: GDBus.Error:org.freedesktop.DBus.Error.UnknownMethod: Method "Inhibit" with signature "susu" on interface "org.xfce.Session.Manager" doesn't exist

trecupe1@g7-11:~/tmp/lab8/work/lab8$ make[K[K[K[Ktail -5 hell.c
tail: cannot open 'hell.c' for reading: No such file or directory
trecupe1@g7-11:~/tmp/lab8/work/lab8$ tail -5 hell.c[Co.c
  for (int i = 1; i < argc; i++) {
    printf("hello %s\n", argv[i]);
  }
  return 0;
}
trecupe1@g7-11:~/tmp/lab8/work/lab8$ ls
hello  hello.c	Makefile  README.md
trecupe1@g7-11:~/tmp/lab8/work/lab8$ ./hllo[K[K[Kello john sur[Ke
usage: ./hello NAME
trecupe1@g7-11:~/tmp/lab8/work/lab8$ make
cc -g -Wall -std=c11    hello.c   -o hello
trecupe1@g7-11:~/tmp/lab8/work/lab8$ make./hello john sue
hello john
hello sue
trecupe1@g7-11:~/tmp/lab8/work/lab8$ git commit -a -a[Km ''m'e'r'g'e'd' 'm'a's't'e'r'
[hello-multi f45f4e3] merged master
trecupe1@g7-11:~/tmp/lab8/work/lab8$ git push
trecupe1@remote.cs.binghamton.edu's password: 
Enumerating objects: 13, done.
Counting objects:   7% (1/13)   Counting objects:  15% (2/13)   Counting objects:  23% (3/13)   Counting objects:  30% (4/13)   Counting objects:  38% (5/13)   Counting objects:  46% (6/13)   Counting objects:  53% (7/13)   Counting objects:  61% (8/13)   Counting objects:  69% (9/13)   Counting objects:  76% (10/13)   Counting objects:  84% (11/13)   Counting objects:  92% (12/13)   Counting objects: 100% (13/13)   Counting objects: 100% (13/13), done.
Delta compression using up to 8 threads
Compressing objects:  33% (1/3)   Compressing objects:  66% (2/3)   Compressing objects: 100% (3/3)   Compressing objects: 100% (3/3), done.
Writing objects:  20% (1/5)   Writing objects:  40% (2/5)   Writing objects:  60% (3/5)   Writing objects:  80% (4/5)   Writing objects: 100% (5/5)   Writing objects: 100% (5/5), 411 bytes | 411.00 KiB/s, done.
Total 5 (delta 2), reused 0 (delta 0)
To ssh://remote.cs.binghamton.edu/home/trecupe1/git-repos/lab8.git
   854e74d..f45f4e3  hello-multi -> hello-multi
trecupe1@g7-11:~/tmp/lab8/work/lab8$ git checkout master
Switched to branch 'master'
Your branch is up to date with 'origin/master'.
trecupe1@g7-11:~/tmp/lab8/work/lab8$ git merge hello-mlti[K[K[Kulti
Updating 2b1050f..f45f4e3
Fast-forward
 work/lab8/hello.c | 8 [32m+++++[m[31m---[m
 1 file changed, 5 insertions(+), 3 deletions(-)
trecupe1@g7-11:~/tmp/lab8/work/lab8$ make
cc -g -Wall -std=c11    hello.c   -o hello
trecupe1@g7-11:~/tmp/lab8/work/lab8$ ../hello john sue
bash: ../hello: No such file or directory
trecupe1@g7-11:~/tmp/lab8/work/lab8$ ../hello john sue[1P
hello john
hello sue
trecupe1@g7-11:~/tmp/lab8/work/lab8$ git branch -l [K
[?1h=  hello-multi[m[m
* [32mmaster[m[m
[K[?1l>trecupe1@g7-11:~/tmp/lab8/work/lab8$ git shortlog hello.c
[?1h=Travis Recupero (6):[m
      working with warnings[m
      working: clean compile[m
      send usage message to stderr[m
      allow greeting multiple names[m
      added a return at end of main()[m
      merged master[m
[m
[K[?1l>trecupe1@g7-11:~/tmp/lab8/work/lab8$ git commit -a -m ''m'e'r'g'e'd' 'h'e'l'l'o'-'m'u'l't'i'
On branch master
Your branch is ahead of 'origin/master' by 2 commits.
  (use "git push" to publish your local commits)

nothing to commit, working tree clean
trecupe1@g7-11:~/tmp/lab8/work/lab8$ git push
trecupe1@remote.cs.binghamton.edu's password: 
Total 0 (delta 0), reused 0 (delta 0)
To ssh://remote.cs.binghamton.edu/home/trecupe1/git-repos/lab8.git
   2b1050f..f45f4e3  master -> master
trecupe1@g7-11:~/tmp/lab8/work/lab8$ ls
hello  hello.c	Makefile  README.md
trecupe1@g7-11:~/tmp/lab8/work/lab8$ cd ~/i220b
trecupe1@g7-11:~/i220b$ ls
README.md  submit  work
trecupe1@g7-11:~/i220b$ git remote add lab8 \
>   ssh://LOGIN@remote.cs.binghamton.edu/home/LOGIN/git-repos/lab8.git[C[1P/git-repos/lab8.git[1P/git-repos/lab8.git[1P/git-repos/lab8.git[1P/git-repos/lab8.git[1P/git-repos/lab8.gitt/git-repos/lab8.gitr/git-repos/lab8.gite/git-repos/lab8.gitc/git-repos/lab8.gitu/git-repos/lab8.gitp/git-repos/lab8.gite/git-repos/lab8.git1/git-repos/lab8.git[C[1P@remote.cs.binghamton.edu/home/trecupe1/git-repos/lab8.git[C[C[C[C[C[C[C[C[C[C[C[C[C[C[1P@remote.cs.binghamton.edu/home/trecupe1/git-repos/lab8.git[C[C[C[C[C[C[C[C[C[C[C[C[C[1P@remote.cs.binghamton.edu/home/trecupe1/git-repos/lab8.git[C[C[C[C[C[C[C[C[C[C[C[C[1P@remote.cs.binghamton.edu/home/trecupe1/git-repos/lab8.git[C[C[C[C[C[C[C[C[C[C[C[1P@remote.cs.binghamton.edu/home/trecupe1/git-repos/lab8.git[C[C[C[C[C[C[C[C[C[Ct@remote.cs.binghamton.edu/home/trecupe1/git-repos/lab8.git[C[C[C[C[C[C[C[C[C[C[Cr@remote.cs.binghamton.edu/home/trecupe1/git-repos/lab8.git[C[C[C[C[C[C[C[C[C[C[C[Ce@remote.cs.binghamton.edu/home/trecupe1/git-repos/lab8.git[C[C[C[C[C[C[C[C[C[C[C[C[Cc@remote.cs.binghamton.edu/home/trecupe1/git-repos/lab8.git[C[C[C[C[C[C[C[C[C[C[C[C[C[Cu@remote.cs.binghamton.edu/home/trecupe1/git-repos/lab8.git[C[C[C[C[C[C[C[C[C[C[C[C[C[C[Cp@remote.cs.binghamton.edu/home/trecupe1/git-repos/lab8.git[C[C[C[C[C[C[C[C[C[C[C[C[C[C[C[Ce@remote.cs.binghamton.edu/home/trecupe1/git-repos/lab8.git[C[C[C[C[C[C[C[C[C[C[C[C[C[C[C[C[C1@remote.cs.binghamton.edu/home/trecupe1/git-repos/lab8.git [A[C[C[C[C[C[C[C[C[C[C[C[C[C[C[C[C[C
trecupe1@g7-11:~/i220b$ ls
README.md  submit  work
trecupe1@g7-11:~/i220b$ git pull --allow-unrelated-histories lab8 master
trecupe1@remote.cs.binghamton.edu's password: 
warning: no common commits
remote: Enumerating objects: 37, done.[K
remote: Counting objects:   2% (1/37)   [Kremote: Counting objects:   5% (2/37)   [Kremote: Counting objects:   8% (3/37)   [Kremote: Counting objects:  10% (4/37)   [Kremote: Counting objects:  13% (5/37)   [Kremote: Counting objects:  16% (6/37)   [Kremote: Counting objects:  18% (7/37)   [Kremote: Counting objects:  21% (8/37)   [Kremote: Counting objects:  24% (9/37)   [Kremote: Counting objects:  27% (10/37)   [Kremote: Counting objects:  29% (11/37)   [Kremote: Counting objects:  32% (12/37)   [Kremote: Counting objects:  35% (13/37)   [Kremote: Counting objects:  37% (14/37)   [Kremote: Counting objects:  40% (15/37)   [Kremote: Counting objects:  43% (16/37)   [Kremote: Counting objects:  45% (17/37)   [Kremote: Counting objects:  48% (18/37)   [Kremote: Counting objects:  51% (19/37)   [Kremote: Counting objects:  54% (20/37)   [Kremote: Counting objects:  56% (21/37)   [Kremote: Counting objects:  59% (22/37)   [Kremote: Counting objects:  62% (23/37)   [Kremote: Counting objects:  64% (24/37)   [Kremote: Counting objects:  67% (25/37)   [Kremote: Counting objects:  70% (26/37)   [Kremote: Counting objects:  72% (27/37)   [Kremote: Counting objects:  75% (28/37)   [Kremote: Counting objects:  78% (29/37)   [Kremote: Counting objects:  81% (30/37)   [Kremote: Counting objects:  83% (31/37)   [Kremote: Counting objects:  86% (32/37)   [Kremote: Counting objects:  89% (33/37)   [Kremote: Counting objects:  91% (34/37)   [Kremote: Counting objects:  94% (35/37)   [Kremote: Counting objects:  97% (36/37)   [Kremote: Counting objects: 100% (37/37)   [Kremote: Counting objects: 100% (37/37), done.[K
remote: Compressing objects:   5% (1/20)   [Kremote: Compressing objects:  10% (2/20)   [Kremote: Compressing objects:  15% (3/20)   [Kremote: Compressing objects:  20% (4/20)   [Kremote: Compressing objects:  25% (5/20)   [Kremote: Compressing objects:  30% (6/20)   [Kremote: Compressing objects:  35% (7/20)   [Kremote: Compressing objects:  40% (8/20)   [Kremote: Compressing objects:  45% (9/20)   [Kremote: Compressing objects:  50% (10/20)   [Kremote: Compressing objects:  55% (11/20)   [Kremote: Compressing objects:  60% (12/20)   [Kremote: Compressing objects:  65% (13/20)   [Kremote: Compressing objects:  70% (14/20)   [Kremote: Compressing objects:  75% (15/20)   [Kremote: Compressing objects:  80% (16/20)   [Kremote: Compressing objects:  85% (17/20)   [Kremote: Compressing objects:  90% (18/20)   [Kremote: Compressing objects:  95% (19/20)   [Kremote: Compressing objects: 100% (20/20)   [Kremote: Compressing objects: 100% (20/20), done.[K
remote: Total 37 (delta 11), reused 0 (delta 0)[K
Unpacking objects:   2% (1/37)   Unpacking objects:   5% (2/37)   Unpacking objects:   8% (3/37)   Unpacking objects:  10% (4/37)   Unpacking objects:  13% (5/37)   Unpacking objects:  16% (6/37)   Unpacking objects:  18% (7/37)   Unpacking objects:  21% (8/37)   Unpacking objects:  24% (9/37)   Unpacking objects:  27% (10/37)   Unpacking objects:  29% (11/37)   Unpacking objects:  32% (12/37)   Unpacking objects:  35% (13/37)   Unpacking objects:  37% (14/37)   Unpacking objects:  40% (15/37)   Unpacking objects:  43% (16/37)   Unpacking objects:  45% (17/37)   Unpacking objects:  48% (18/37)   Unpacking objects:  51% (19/37)   Unpacking objects:  54% (20/37)   Unpacking objects:  56% (21/37)   Unpacking objects:  59% (22/37)   Unpacking objects:  62% (23/37)   Unpacking objects:  64% (24/37)   Unpacking objects:  67% (25/37)   Unpacking objects:  70% (26/37)   Unpacking objects:  72% (27/37)   Unpacking objects:  75% (28/37)   Unpacking objects:  78% (29/37)   Unpacking objects:  81% (30/37)   Unpacking objects:  83% (31/37)   Unpacking objects:  86% (32/37)   Unpacking objects:  89% (33/37)   Unpacking objects:  91% (34/37)   Unpacking objects:  94% (35/37)   Unpacking objects:  97% (36/37)   Unpacking objects: 100% (37/37)   Unpacking objects: 100% (37/37), done.
From ssh://remote.cs.binghamton.edu/home/trecupe1/git-repos/lab8
 * branch            master     -> FETCH_HEAD
 * [new branch]      master     -> lab8/master
hint: Waiting for your editor to close the file... [?1000h[?2004h[?1049h[22;0;0t[?1h=[?2004h[1;52r[?12h[?12l[22;2t[22;1t[27m[23m[29m[m[H[2J[?25l[52;1H[97m[41mE325: ATTENTION[m
Found a swap file by the name "~/git-repos/i220b/.git/.MERGE_MSG.swp"
[10Cowned by: trecupe1   dated: Thu Sep 12 17:57:49 2019
[9Cfile name: ~trecupe1/git-repos/i220b/.git/MERGE_MSG
[10Cmodified: YES
[9Cuser name: trecupe1   host name: g7-11
[8Cprocess ID: 14674
While opening file "/import/linux/home1/trecupe1/git-repos/i220b/.git/MERGE
[51;76H_[52;1HMSG"
[13Cdated: Thu Oct 10 17:45:44 2019
      NEWER than swap file!

(1) Another program may be editing the same file.  If this is the case,
    be careful not to end up with two different instances of the same
    file when making changes.  Quit, or continue with caution.
(2) An edit session for this file crashed.
    If this is the case, use ":recover" or "vim -r /import/linux/home1/trec
[51;76Hu[52;1Hpe1/git-repos/i220b/.git/MERGE_MSG"
    to recover the changes (see ":help recovery").
    If you did this already, delete the swap file "/import/linux/home1/trec
[51;76Hu[52;1Hpe1/git-repos/i220b/.git/.MERGE_MSG.swp"
    to avoid this message.
[?1000l
[32mSwap file "~/git-repos/i220b/.git/.MERGE_MSG.swp" already exists![m
[32m[O]pen Read-Only, (E)dit anyway, (R)ecover, (D)elete it, (Q)uit, (A)bort: [?25h[?1000h[m[52;1H[K[52;1H[?1000l[?2004l[23;2t[23;1t[22;2t[22;1t[23;2t[23;1t
[?2004l[?1l>[?1049l[23;0;0terror: There was a problem with the editor 'editor'.
Not committing merge; use 'git commit' to complete the merge.
trecupe1@g7-11:~/i220b$ cd work [K/lab8
trecupe1@g7-11:~/i220b/work/lab8$ ls
hello.c  lab8.log  lab8_output.txt  Makefile  README.md
trecupe1@g7-11:~/i220b/work/lab8$ git lof [K[Kg hello.c
[?1h=[K[?1l>trecupe1@g7-11:~/i220b/work/lab8$ ll[K[Kgit log hello.cls[Kcd work/lab8ls[Kgit log hello.c[Kcd ..
trecupe1@g7-11:~/i220b/work$ cd ..git log hello.cls[Kcd work/lab8git pull --allow-unrelated-histories lab8 master
error: You have not concluded your merge (MERGE_HEAD exists).
[33mhint: Please, commit your changes before merging.[m
fatal: Exiting because of unfinished merge.
trecupe1@g7-11:~/i220b/work$ git stst[K[Katus
On branch master
Your branch is up to date with 'origin/master'.

All conflicts fixed but you are still merging.
  (use "git commit" to conclude merge)

Changes to be committed:

	[32mnew file:   lab8/.gitignore[m
	[32mnew file:   lab8/Makefile[m
	[32mnew file:   lab8/README.md[m
	[32mnew file:   lab8/hello.c[m

Untracked files:
  (use "git add <file>..." to include in what will be committed)

	[31mlab8/lab8.log[m
	[31mlab8/lab8_output.txt[m

trecupe1@g7-11:~/i220b/work$ git add .[Klab8.log lab8_pu[K[Kouytp[K[K[Ktpus[Kt.txt
fatal: pathspec 'lab8.log' did not match any files
trecupe1@g7-11:~/i220b/work$ git add lab8.log lab8_output.txt[C[1@l[1@s[1@b[1P[1P[1@a[1@b[1@8[1@/[C[C[C[C[C[C[C[C[C[Clab8_output.txtalab8_output.txtblab8_output.txt8lab8_output.txt/lab8_output.txt
trecupe1@g7-11:~/i220b/work$ git status
On branch master
Your branch is up to date with 'origin/master'.

All conflicts fixed but you are still merging.
  (use "git commit" to conclude merge)

Changes to be committed:

	[32mnew file:   lab8/.gitignore[m
	[32mnew file:   lab8/Makefile[m
	[32mnew file:   lab8/README.md[m
	[32mnew file:   lab8/hello.c[m
	[32mnew file:   lab8/lab8.log[m
	[32mnew file:   lab8/lab8_output.txt[m

trecupe1@g7-11:~/i220b/work$ git commit -a -m ''m'e'g'e'r'[1P'[1P'r'[1P'[1P'r'g'e'd'
[master e4dfaaa] merged
trecupe1@g7-11:~/i220b/work$ git op[K[Kpush[K[K[K[K[K[K[K[Kgit log hello.c
fatal: ambiguous argument 'hello.c': unknown revision or path not in the working tree.
Use '--' to separate paths from revisions, like this:
'git <command> [<revision>...] -- [<file>...]'
trecupe1@g7-11:~/i220b/work$ ls
lab8  prj2-sol
trecupe1@g7-11:~/i220b/work$ cd lab8/
trecupe1@g7-11:~/i220b/work/lab8$ ls
hello.c  lab8.log  lab8_output.txt  Makefile  README.md
trecupe1@g7-11:~/i220b/work/lab8$ lscd lab8/ls[Kgit log hello.c
[?1h=[33mcommit f45f4e3ffc713a43878c6501cbcfefca69c30274[m[33m ([m[1;31mlab8/master[m[33m)[m[m
Merge: 854e74d 2b1050f[m
Author: Travis Recupero <trecupe1@binghamton.edu>[m
Date:   Thu Oct 10 17:38:30 2019 -0400[m
[m
    merged master[m
[m
[33mcommit 2b1050ff39f12d3ce39a8f35753b76f551e52d4f[m[m
Author: Travis Recupero <trecupe1@binghamton.edu>[m
Date:   Thu Oct 10 17:30:16 2019 -0400[m
[m
    added a return at end of main()[m
[m
[33mcommit 854e74dbb17e26e32d61fab017d30f5346ce6949[m[m
Author: Travis Recupero <trecupe1@binghamton.edu>[m
Date:   Thu Oct 10 17:23:07 2019 -0400[m
[m
    allow greeting multiple names[m
[m
[33mcommit 0b1533ed46208a0a9bfa002e39080325987c0bce[m[m
Author: Travis Recupero <trecupe1@binghamton.edu>[m
Date:   Thu Oct 10 17:16:23 2019 -0400[m
[m
    send usage message to stderr[m
[m
[33mcommit a029b44dce0eb2d95066b34088dd4b6c7c4e7d62[m[m
Author: Travis Recupero <trecupe1@binghamton.edu>[m
Date:   Thu Oct 10 17:10:18 2019 -0400[m
[m
    working: clean compile[m
[m
[33mcommit a1e7e5851446309f7d526bb9b8539b45861c3623[m[m
Author: Travis Recupero <trecupe1@binghamton.edu>[m
Date:   Thu Oct 10 17:03:36 2019 -0400[m
[m
    working with warnings[m
[K[?1l>trecupe1@g7-11:~/i220b/work/lab8$ ^C
trecupe1@g7-11:~/i220b/work/lab8$ ls
hello.c  lab8.log  lab8_output.txt  Makefile  README.md
trecupe1@g7-11:~/i220b/work/lab8$ cd ..
trecupe1@g7-11:~/i220b/work$ ls
lab8  prj2-sol
trecupe1@g7-11:~/i220b/work$ cd ..
trecupe1@g7-11:~/i220b$ ls
README.md  submit  work
trecupe1@g7-11:~/i220b$ git mc [K[Kv work/lab8 submit [K
trecupe1@g7-11:~/i220b$ git commit -m ''s'u'b'm'i't't'e'd' 'l'a'b'2'[1P'8'
[master c93fa9a] submitted lab8
 6 files changed, 0 insertions(+), 0 deletions(-)
 rename {work => submit}/lab8/.gitignore (100%)
 rename {work => submit}/lab8/Makefile (100%)
 rename {work => submit}/lab8/README.md (100%)
 rename {work => submit}/lab8/hello.c (100%)
 rename {work => submit}/lab8/lab8.log (100%)
 rename {work => submit}/lab8/lab8_output.txt (100%)
trecupe1@g7-11:~/i220b$ git op[K[Kpush
Username for 'https://github.com': travisrecupero	
Password for 'https://travisrecupero@github.com': 
To https://github.com/travisrecupero/i220b.git
 [31m! [rejected]       [m master -> master (fetch first)
[31merror: failed to push some refs to 'https://github.com/travisrecupero/i220b.git'
[m[33mhint: Updates were rejected because the remote contains work that you do[m
[33mhint: not have locally. This is usually caused by another repository pushing[m
[33mhint: to the same ref. You may want to first integrate the remote changes[m
[33mhint: (e.g., 'git pull ...') before pushing again.[m
[33mhint: See the 'Note about fast-forwards' in 'git push --help' for details.[m
trecupe1@g7-11:~/i220b$ git a[Kstst[K[Katus
On branch master
Your branch is ahead of 'origin/master' by 9 commits.
  (use "git push" to publish your local commits)

Changes not staged for commit:
  (use "git add <file>..." to update what will be committed)
  (use "git checkout -- <file>..." to discard changes in working directory)

	[31mmodified:   submit/lab8/lab8.log[m
	[31mmodified:   submit/lab8/lab8_output.txt[m

no changes added to commit (use "git add" and/or "git commit -a")
trecupe1@g7-11:~/i220b$ git add .
trecupe1@g7-11:~/i220b$ git add .status[2Ppushcommit -m 'submitted lab8'
[master fd02f50] submitted lab8
 2 files changed, 132 insertions(+), 6 deletions(-)
trecupe1@g7-11:~/i220b$ git commit -m 'submitted lab8'add .[Kstatus[2Ppush
Username for 'https://github.com': travisrecupero
Password for 'https://travisrecupero@github.com': 
To https://github.com/travisrecupero/i220b.git
 [31m! [rejected]       [m master -> master (fetch first)
[31merror: failed to push some refs to 'https://github.com/travisrecupero/i220b.git'
[m[33mhint: Updates were rejected because the remote contains work that you do[m
[33mhint: not have locally. This is usually caused by another repository pushing[m
[33mhint: to the same ref. You may want to first integrate the remote changes[m
[33mhint: (e.g., 'git pull ...') before pushing again.[m
[33mhint: See the 'Note about fast-forwards' in 'git push --help' for details.[m
trecupe1@g7-11:~/i220b$ git stst[K[Katus
On branch master
Your branch is ahead of 'origin/master' by 10 commits.
  (use "git push" to publish your local commits)

nothing to commit, working tree clean
trecupe1@g7-11:~/i220b$ ls
README.md  submit  work
trecupe1@g7-11:~/i220b$ cd work
trecupe1@g7-11:~/i220b/work$ ls
prj2-sol
trecupe1@g7-11:~/i220b/work$ cd ..
trecupe1@g7-11:~/i220b$ cs [K[Kd submit/
trecupe1@g7-11:~/i220b/submit$ ls
lab2  lab3  lab4  lab5	lab6  lab7  lab8  prj1-sol
trecupe1@g7-11:~/i220b/submit$ cd lab8
trecupe1@g7-11:~/i220b/submit/lab8$ ls
hello.c  lab8.log  lab8_output.txt  Makefile  README.md
trecupe1@g7-11:~/i220b/submit/lab8$ git stt[Katus
On branch master
Your branch is ahead of 'origin/master' by 10 commits.
  (use "git push" to publish your local commits)

nothing to commit, working tree clean
trecupe1@g7-11:~/i220b/submit/lab8$ gt[Kit push
Username for 'https://github.com': travisrecupero
Password for 'https://travisrecupero@github.com': 
To https://github.com/travisrecupero/i220b.git
 [31m! [rejected]       [m master -> master (fetch first)
[31merror: failed to push some refs to 'https://github.com/travisrecupero/i220b.git'
[m[33mhint: Updates were rejected because the remote contains work that you do[m
[33mhint: not have locally. This is usually caused by another repository pushing[m
[33mhint: to the same ref. You may want to first integrate the remote changes[m
[33mhint: (e.g., 'git pull ...') before pushing again.[m
[33mhint: See the 'Note about fast-forwards' in 'git push --help' for details.[m
trecupe1@g7-11:~/i220b/submit/lab8$ [Ktrecupe1@g7-11:~/i220b/submit/lab8$ git pull
Username for 'https://github.com': traiv  visrecupero
Password for 'https://travisrecupero@github.com': 
remote: Enumerating objects: 24, done.[K
remote: Counting objects:   4% (1/24)[Kremote: Counting objects:   8% (2/24)[Kremote: Counting objects:  12% (3/24)[Kremote: Counting objects:  16% (4/24)[Kremote: Counting objects:  20% (5/24)[Kremote: Counting objects:  25% (6/24)[Kremote: Counting objects:  29% (7/24)[Kremote: Counting objects:  33% (8/24)[Kremote: Counting objects:  37% (9/24)[Kremote: Counting objects:  41% (10/24)[Kremote: Counting objects:  45% (11/24)[Kremote: Counting objects:  50% (12/24)[Kremote: Counting objects:  54% (13/24)[Kremote: Counting objects:  58% (14/24)[Kremote: Counting objects:  62% (15/24)[Kremote: Counting objects:  66% (16/24)[Kremote: Counting objects:  70% (17/24)[Kremote: Counting objects:  75% (18/24)[Kremote: Counting objects:  79% (19/24)[Kremote: Counting objects:  83% (20/24)[Kremote: Counting objects:  87% (21/24)[Kremote: Counting objects:  91% (22/24)[Kremote: Counting objects:  95% (23/24)[Kremote: Counting objects: 100% (24/24)[Kremote: Counting objects: 100% (24/24), done.[K
remote: Compressing objects:  14% (1/7)[Kremote: Compressing objects:  28% (2/7)[Kremote: Compressing objects:  42% (3/7)[Kremote: Compressing objects:  57% (4/7)[Kremote: Compressing objects:  71% (5/7)[Kremote: Compressing objects:  85% (6/7)[Kremote: Compressing objects: 100% (7/7)[Kremote: Compressing objects: 100% (7/7), done.[K
remote: Total 20 (delta 12), reused 17 (delta 9), pack-reused 0[K
Unpacking objects:   5% (1/20)   Unpacking objects:  10% (2/20)   Unpacking objects:  15% (3/20)   Unpacking objects:  20% (4/20)   Unpacking objects:  25% (5/20)   Unpacking objects:  30% (6/20)   Unpacking objects:  35% (7/20)   Unpacking objects:  40% (8/20)   Unpacking objects:  45% (9/20)   Unpacking objects:  50% (10/20)   Unpacking objects:  55% (11/20)   Unpacking objects:  60% (12/20)   Unpacking objects:  65% (13/20)   Unpacking objects:  70% (14/20)   Unpacking objects:  75% (15/20)   Unpacking objects:  80% (16/20)   Unpacking objects:  85% (17/20)   Unpacking objects:  90% (18/20)   Unpacking objects:  95% (19/20)   Unpacking objects: 100% (20/20)   Unpacking objects: 100% (20/20), done.
From https://github.com/travisrecupero/i220b
   e4d68fc..8418b60  master     -> origin/master
hint: Waiting for your editor to close the file... [?1000h[?2004h[?1049h[22;0;0t[?1h=[?2004h[1;49r[?12h[?12l[22;2t[22;1t[27m[23m[29m[m[H[2J[?25l[49;1H[97m[41mE325: ATTENTION[m
Found a swap file by the name "~/git-repos/i220b/.git/.MERGE_MSG.swp"
[10Cowned by: trecupe1   dated: Thu Sep 12 17:57:49 2019
[9Cfile name: ~trecupe1/git-repos/i220b/.git/MERGE_MSG
[10Cmodified: YES
[9Cuser name: trecupe1   host name: g7-11
[8Cprocess ID: 14674
While opening file "/import/linux/home1/trecupe1/git-repos/i220b/.git/MERGE_MSG"
[13Cdated: Thu Oct 10 17:57:27 2019
      NEWER than swap file!

(1) Another program may be editing the same file.  If this is the case,
    be careful not to end up with two different instances of the same
    file when making changes.  Quit, or continue with caution.
(2) An edit session for this file crashed.
    If this is the case, use ":recover" or "vim -r /import/linux/home1/trecupe1/git-repos/i220b/.git/MERGE_MSG"
    to recover the changes (see ":help recovery").
    If you did this already, delete the swap file "/import/linux/home1/trecupe1/git-repos/i220b/.git/.MERGE_MSG.swp"
    to avoid this message.
[?1000l
[32mSwap file "~/git-repos/i220b/.git/.MERGE_MSG.swp" already exists![m
[32m[O]pen Read-Only, (E)dit anyway, (R)ecover, (D)elete it, (Q)uit, (A)bort: [?25h[?1000h[m[49;1H[K[?25l[49;1H"~/git-repos/i220b/.git/MERGE_MSG" 7L, 292C[2;1Hâ–½[6n[2;1H  [1;1H[>c]10;?]11;?[1;1H[38;5;130mMerge branch 'master' of https://github.com/travis[mrecupero/i220b

[34m# Please enter a commit message to explain why this merge is necessary,
# especially if it merges an updated upstream into a topic branch.
#
# Lines starting with '#' will be ignored, and an empty message aborts
# the commit.[m
[94m~                                                                                                                                                                                             [9;1H~                                                                                                                                                                                             [10;1H~                                                                                                                                                                                             [11;1H~                                                                                                                                                                                             [12;1H~                                                                                                                                                                                             [13;1H~                                                                                                                                                                                             [14;1H~                                                                                                                                                                                             [15;1H~                                                                                                                                                                                             [16;1H~                                                                                                                                                                                             [17;1H~                                                                                                                                                                                             [18;1H~                                                                                                                                                                                             [19;1H~                                                                                                                                                                                             [20;1H~                                                                                                                                                                                             [21;1H~                                                                                                                                                                                             [22;1H~                                                                                                                                                                                             [23;1H~                                                                                                                                                                                             [24;1H~                                                                                                                                                                                             [25;1H~                                                                                                                                                                                             [26;1H~                                                                                                                                                                                             [27;1H~                                                                                                                                                                                             [28;1H~                                                                                                                                                                                             [29;1H~                                                                                                                                                                                             [30;1H~                                                                                                                                                                                             [31;1H~                                                                                                                                                                                             [32;1H~                                                                                                                                                                                             [33;1H~                                                                                                                                                                                             [34;1H~                                                                                                                                                                                             [35;1H~                                                                                                                                                                                             [36;1H~                                                                                                                                                                                             [37;1H~                                                                                                                                                                                             [38;1H~                                                                                                                                                                                             [39;1H~                                                                                                                                                                                             [40;1H~                                                                                                                                                                                             [41;1H~                                                                                                                                                                                             [42;1H~                                                                                                                                                                                             [43;1H~                                                                                                                                                                                             [44;1H~                                                                                                                                                                                             [45;1H~                                                                                                                                                                                             [46;1H~                                                                                                                                                                                             [47;1H~                                                                                                                                                                                             [48;1H~                                                                                                                                                                                             [m[49;173H1,1[11CAll]2;MERGE_MSG (~/git-repos/i220b/.git) - VIM]1;MERGE_MSG[1;1H[?25hP+q436f\P+q6b75\P+q6b64\P+q6b72\P+q6b6c\P+q2332\P+q2334\P+q2569\P+q2a37\P+q6b31\[?1000l[?1006h[?1002h[?1006l[?1002l[?1006h[?1002h[27m[23m[29m[m[H[2J[?25l[1;1H[93mMerge branch 'master' of https://github.com/travis[mrecupero/i220b

[96m# Please enter a commit message to explain why this merge is necessary,
# especially if it merges an updated upstream into a topic branch.
#
# Lines starting with '#' will be ignored, and an empty message aborts
# the commit.[m
[94m~                                                                                                                                                                                             [9;1H~                                                                                                                                                                                             [10;1H~                                                                                                                                                                                             [11;1H~                                                                                                                                                                                             [12;1H~                                                                                                                                                                                             [13;1H~                                                                                                                                                                                             [14;1H~                                                                                                                                                                                             [15;1H~                                                                                                                                                                                             [16;1H~                                                                                                                                                                                             [17;1H~                                                                                                                                                                                             [18;1H~                                                                                                                                                                                             [19;1H~                                                                                                                                                                                             [20;1H~                                                                                                                                                                                             [21;1H~                                                                                                                                                                                             [22;1H~                                                                                                                                                                                             [23;1H~                                                                                                                                                                                             [24;1H~                                                                                                                                                                                             [25;1H~                                                                                                                                                                                             [26;1H~                                                                                                                                                                                             [27;1H~                                                                                                                                                                                             [28;1H~                                                                                                                                                                                             [29;1H~                                                                                                                                                                                             [30;1H~                                                                                                                                                                                             [31;1H~                                                                                                                                                                                             [32;1H~                                                                                                                                                                                             [33;1H~                                                                                                                                                                                             [34;1H~                                                                                                                                                                                             [35;1H~                                                                                                                                                                                             [36;1H~                                                                                                                                                                                             [37;1H~                                                                                                                                                                                             [38;1H~                                                                                                                                                                                             [39;1H~                                                                                                                                                                                             [40;1H~                                                                                                                                                                                             [41;1H~                                                                                                                                                                                             [42;1H~                                                                                                                                                                                             [43;1H~                                                                                                                                                                                             [44;1H~                                                                                                                                                                                             [45;1H~                                                                                                                                                                                             [46;1H~                                                                                                                                                                                             [47;1H~                                                                                                                                                                                             [48;1H~                                                                                                                                                                                             [m[49;173H1,1[11CAll"~/git-repos/i220b/.git/MERGE_MSG" 7L, 292C[1;1H[?25h[?25l[49;163Hm[1;1H[?25h[?25l[49;164He[1;1H[49;163H  [1;1H[?25h[?25l[49;163Hr[1;1H[?25h[?25l[49;164Hg[1;1H[49;163H  [1;1H[93mg]2;MERGE_MSG + (~/git-repos/i220b/.git) - VIM]1;MERGE_MSG[?25h[?25l[m[49;163He[1;1H[49;163H [1;5H[49;175H5[1;5H[?25h[?25l[49;163H~@k[1;5H[49;163H   [1;4H[49;175H4[1;4H[?25h[?25l[49;163H~@k[1;4H[49;163H   [1;3H[49;175H3[1;3H[?25h[?25l[49;163H~@k[1;3H[49;163H   [1;2H[49;175H2[1;2H[?25h[?25l[49;163H~@k[1;2H[49;163H   [1;1H[49;175H1[1;1H[?25h[?25l[49;163H^M[1;1H[49;163H  [2;1H[49;173H2,0-1[2;1H[?25h[?25l[49;163H^M[2;1H[49;163H  [3;1H[49;173H3,1  [3;1H[?25h[?25l[49;173H7,13[7;13H[?25h[?25l[49;1HType  :qa!  and press <Enter> to abandon all changes and exit Vim[49;173H[K[49;173H7,13[10CAll[7;13H[?25h[?25l[49;163H^M[7;13H[49;163H  [7;13H[?25h[?25l[49;163H^M[7;13H[49;163H  [7;13H[?25h[?25l[49;163H^M[7;13H[49;163H  [7;13H[?25h[?25l[49;163H^M[7;13H[49;163H  [7;13H[?25h[?25l[49;163H^M[7;13H[49;163H  [7;13H[?25h[?25l[49;163H^M[7;13H[49;163H  [7;13H[?25h[?25l[49;163H^M[7;13H[49;163H  [7;13H[?25h[?25l[49;163H^M[7;13H[49;163H  [7;13H[?25h[27m[23m[29m[m[H[2J[?25l[1;1H[93mgerge branch 'master' of https://github.com/travis[mrecupero/i220b

[96m# Please enter a commit message to explain why this merge is necessary,
# especially if it merges an updated upstream into a topic branch.
#
# Lines starting with '#' will be ignored, and an empty message aborts
# the commit.[m
[94m~                                                                           [9;1H~                                                                           [10;1H~                                                                           [11;1H~                                                                           [12;1H~                                                                           [13;1H~                                                                           [14;1H~                                                                           [15;1H~                                                                           [16;1H~                                                                           [17;1H~                                                                           [18;1H~                                                                           [19;1H~                                                                           [20;1H~                                                                           [21;1H~                                                                           [22;1H~                                                                           [23;1H~                                                                           [24;1H~                                                                           [25;1H~                                                                           [26;1H~                                                                           [27;1H~                                                                           [28;1H~                                                                           [29;1H~                                                                           [30;1H~                                                                           [31;1H~                                                                           [32;1H~                                                                           [33;1H~                                                                           [34;1H~                                                                           [35;1H~                                                                           [36;1H~                                                                           [37;1H~                                                                           [38;1H~                                                                           [39;1H~                                                                           [40;1H~                                                                           [41;1H~                                                                           [42;1H~                                                                           [43;1H~                                                                           [44;1H~                                                                           [45;1H~                                                                           [46;1H~                                                                           [47;1H~                                                                           [48;1H~                                                                           [49;1H~                                                                           [50;1H~                                                                           [51;1H~                                                                           [m[52;59H7,13[10CAll[7;13H[?25h[27m[23m[29m[m[H[2J[?25l[1;1H[93mgerge branch 'master' of https://github.com/travis[mrecupero/i220b

[96m# Please enter a commit message to explain why this merge is necessary,
# especially if it merges an updated upstream into a topic branch.
#
# Lines starting with '#' will be ignored, and an empty message aborts
# the commit.[m
[94m~                                                                           [9;1H~                                                                           [10;1H~                                                                           [11;1H~                                                                           [12;1H~                                                                           [13;1H~                                                                           [14;1H~                                                                           [15;1H~                                                                           [16;1H~                                                                           [17;1H~                                                                           [18;1H~                                                                           [19;1H~                                                                           [20;1H~                                                                           [21;1H~                                                                           [22;1H~                                                                           [23;1H~                                                                           [24;1H~                                                                           [25;1H~                                                                           [26;1H~                                                                           [27;1H~                                                                           [28;1H~                                                                           [29;1H~                                                                           [30;1H~                                                                           [31;1H~                                                                           [32;1H~                                                                           [33;1H~                                                                           [34;1H~                                                                           [35;1H~                                                                           [36;1H~                                                                           [37;1H~                                                                           [38;1H~                                                                           [39;1H~                                                                           [40;1H~                                                                           [41;1H~                                                                           [42;1H~                                                                           [43;1H~                                                                           [44;1H~                                                                           [45;1H~                                                                           [46;1H~                                                                           [47;1H~                                                                           [48;1H~                                                                           [49;1H~                                                                           [50;1H~                                                                           [m[51;59H7,13[10CAll[7;13H[?25h[27m[23m[29m[m[H[2J[?25l[1;1H[93mgerge branch 'master' of https://github.com/travis[mrecupero/i220b

[96m# Please enter a commit message to explain why this merge is necessary,
# especially if it merges an updated upstream into a topic branch.
#
# Lines starting with '#' will be ignored, and an empty message aborts
# the commit.[m
[94m~                                                                           [9;1H~                                                                           [10;1H~                                                                           [11;1H~                                                                           [12;1H~                                                                           [13;1H~                                                                           [14;1H~                                                                           [15;1H~                                                                           [16;1H~                                                                           [17;1H~                                                                           [18;1H~                                                                           [19;1H~                                                                           [20;1H~                                                                           [21;1H~                                                                           [22;1H~                                                                           [23;1H~                                                                           [24;1H~                                                                           [25;1H~                                                                           [26;1H~                                                                           [27;1H~                                                                           [28;1H~                                                                           [29;1H~                                                                           [30;1H~                                                                           [31;1H~                                                                           [32;1H~                                                                           [33;1H~                                                                           [34;1H~                                                                           [35;1H~                                                                           [36;1H~                                                                           [37;1H~                                                                           [38;1H~                                                                           [39;1H~                                                                           [40;1H~                                                                           [41;1H~                                                                           [42;1H~                                                                           [43;1H~                                                                           [44;1H~                                                                           [45;1H~                                                                           [46;1H~                                                                           [47;1H~                                                                           [48;1H~                                                                           [m[49;59H7,13[10CAll[7;13H[?25h[27m[23m[29m[m[H[2J[?25l[1;1H[93mgerge branch 'master' of https://github.com/travis[mrecupero/i220b

[96m# Please enter a commit message to explain why this merge is necessary,
# especially if it merges an updated upstream into a topic branch.
#
# Lines starting with '#' will be ignored, and an empty message aborts
# the commit.[m
[94m~                                                                           [9;1H~                                                                           [10;1H~                                                                           [11;1H~                                                                           [12;1H~                                                                           [13;1H~                                                                           [14;1H~                                                                           [15;1H~                                                                           [16;1H~                                                                           [17;1H~                                                                           [18;1H~                                                                           [19;1H~                                                                           [20;1H~                                                                           [21;1H~                                                                           [22;1H~                                                                           [23;1H~                                                                           [24;1H~                                                                           [25;1H~                                                                           [26;1H~                                                                           [27;1H~                                                                           [28;1H~                                                                           [29;1H~                                                                           [30;1H~                                                                           [31;1H~                                                                           [32;1H~                                                                           [33;1H~                                                                           [34;1H~                                                                           [35;1H~                                                                           [36;1H~                                                                           [37;1H~                                                                           [38;1H~                                                                           [39;1H~                                                                           [40;1H~                                                                           [41;1H~                                                                           [42;1H~                                                                           [43;1H~                                                                           [44;1H~                                                                           [45;1H~                                                                           [46;1H~                                                                           [47;1H~                                                                           [m[48;59H7,13[10CAll[7;13H[?25h[27m[23m[29m[m[H[2J[?25l[1;1H[93mgerge branch 'master' of https://github.com/travis[mrecupero/i220b

[96m# Please enter a commit message to explain why this merge is necessary,
# especially if it merges an updated upstream into a topic branch.
#
# Lines starting with '#' will be ignored, and an empty message aborts
# the commit.[m
[94m~                                                                           [9;1H~                                                                           [10;1H~                                                                           [11;1H~                                                                           [12;1H~                                                                           [13;1H~                                                                           [14;1H~                                                                           [15;1H~                                                                           [16;1H~                                                                           [17;1H~                                                                           [18;1H~                                                                           [19;1H~                                                                           [20;1H~                                                                           [21;1H~                                                                           [22;1H~                                                                           [23;1H~                                                                           [24;1H~                                                                           [25;1H~                                                                           [26;1H~                                                                           [27;1H~                                                                           [28;1H~                                                                           [29;1H~                                                                           [30;1H~                                                                           [31;1H~                                                                           [32;1H~                                                                           [33;1H~                                                                           [34;1H~                                                                           [35;1H~                                                                           [36;1H~                                                                           [37;1H~                                                                           [38;1H~                                                                           [39;1H~                                                                           [40;1H~                                                                           [41;1H~                                                                           [42;1H~                                                                           [43;1H~                                                                           [44;1H~                                                                           [45;1H~                                                                           [m[46;59H7,13[10CAll[7;13H[?25h[27m[23m[29m[m[H[2J[?25l[2;1H[96m# Please enter a commit message to explain why this merge is necessary,
# especially if it merges an updated upstream into a topic branch.
#
# Lines starting with '#' will be ignored, and an empty message aborts
# the commit.[m
[94m~                                                                           [8;1H~                                                                           [9;1H~                                                                           [10;1H~                                                                           [11;1H~                                                                           [12;1H~                                                                           [13;1H~                                                                           [14;1H~                                                                           [15;1H~                                                                           [16;1H~                                                                           [17;1H~                                                                           [18;1H~                                                                           [19;1H~                                                                           [20;1H~                                                                           [21;1H~                                                                           [22;1H~                                                                           [23;1H~                                                                           [24;1H~                                                                           [25;1H~                                                                           [26;1H~                                                                           [27;1H~                                                                           [28;1H~                                                                           [29;1H~                                                                           [30;1H~                                                                           [31;1H~                                                                           [32;1H~                                                                           [33;1H~                                                                           [34;1H~                                                                           [35;1H~                                                                           [36;1H~                                                                           [37;1H~                                                                           [38;1H~                                                                           [39;1H~                                                                           [40;1H~                                                                           [41;1H~                                                                           [42;1H~                                                                           [43;1H~                                                                           [44;1H~                                                                           [m[45;59H7,13[10CBot[6;13H[?25h[27m[23m[29m[m[H[2J[?25l[2;1H[96m# Please enter a commit message to explain why this merge is necessary,
# especially if it merges an updated upstream into a topic branch.
#
# Lines starting with '#' will be ignored, and an empty message aborts
# the commit.[m
[94m~                                                                           [8;1H~                                                                           [9;1H~                                                                           [10;1H~                                                                           [11;1H~                                                                           [12;1H~                                                                           [13;1H~                                                                           [14;1H~                                                                           [15;1H~                                                                           [16;1H~                                                                           [17;1H~                                                                           [18;1H~                                                                           [19;1H~                                                                           [20;1H~                                                                           [21;1H~                                                                           [22;1H~                                                                           [23;1H~                                                                           [24;1H~                                                                           [25;1H~                                                                           [26;1H~                                                                           [27;1H~                                                                           [28;1H~                                                                           [29;1H~                                                                           [30;1H~                                                                           [31;1H~                                                                           [32;1H~                                                                           [33;1H~                                                                           [34;1H~                                                                           [35;1H~                                                                           [36;1H~                                                                           [37;1H~                                                                           [38;1H~                                                                           [39;1H~                                                                           [40;1H~                                                                           [41;1H~                                                                           [42;1H~                                                                           [43;1H~                                                                           [m[44;59H7,13[10CBot[6;13H[?25h[27m[23m[29m[m[H[2J[?25l[2;1H[96m# Please enter a commit message to explain why this merge is necessary,
# especially if it merges an updated upstream into a topic branch.
#
# Lines starting with '#' will be ignored, and an empty message aborts
# the commit.[m
[94m~                                                                           [8;1H~                                                                           [9;1H~                                                                           [10;1H~                                                                           [11;1H~                                                                           [12;1H~                                                                           [13;1H~                                                                           [14;1H~                                                                           [15;1H~                                                                           [16;1H~                                                                           [17;1H~                                                                           [18;1H~                                                                           [19;1H~                                                                           [20;1H~                                                                           [21;1H~                                                                           [22;1H~                                                                           [23;1H~                                                                           [24;1H~                                                                           [25;1H~                                                                           [26;1H~                                                                           [27;1H~                                                                           [28;1H~                                                                           [29;1H~                                                                           [30;1H~                                                                           [31;1H~                                                                           [32;1H~                                                                           [33;1H~                                                                           [34;1H~                                                                           [35;1H~                                                                           [36;1H~                                                                           [37;1H~                                                                           [38;1H~                                                                           [39;1H~                                                                           [40;1H~                                                                           [41;1H~                                                                           [42;1H~                                                                           [m[43;59H7,13[10CBot[6;13H[?25h[27m[23m[29m[m[H[2J[?25l[2;1H[96m# Please enter a commit message to explain why this merge is necessary,
# especially if it merges an updated upstream into a topic branch.
#
# Lines starting with '#' will be ignored, and an empty message aborts
# the commit.[m
[94m~                                                                           [8;1H~                                                                           [9;1H~                                                                           [10;1H~                                                                           [11;1H~                                                                           [12;1H~                                                                           [13;1H~                                                                           [14;1H~                                                                           [15;1H~                                                                           [16;1H~                                                                           [17;1H~                                                                           [18;1H~                                                                           [19;1H~                                                                           [20;1H~                                                                           [21;1H~                                                                           [22;1H~                                                                           [23;1H~                                                                           [24;1H~                                                                           [25;1H~                                                                           [26;1H~                                                                           [27;1H~                                                                           [28;1H~                                                                           [29;1H~                                                                           [30;1H~                                                                           [31;1H~                                                                           [32;1H~                                                                           [33;1H~                                                                           [34;1H~                                                                           [35;1H~                                                                           [36;1H~                                                                           [37;1H~                                                                           [38;1H~                                                                           [39;1H~                                                                           [40;1H~                                                                           [41;1H~                                                                           [m[42;59H7,13[10CBot[6;13H[?25h[27m[23m[29m[m[H[2J[?25l[2;1H[96m# Please enter a commit message to explain why this merge is necessary,
# especially if it merges an updated upstream into a topic branch.
#
# Lines starting with '#' will be ignored, and an empty message aborts
# the commit.[m
[94m~                                                                           [8;1H~                                                                           [9;1H~                                                                           [10;1H~                                                                           [11;1H~                                                                           [12;1H~                                                                           [13;1H~                                                                           [14;1H~                                                                           [15;1H~                                                                           [16;1H~                                                                           [17;1H~                                                                           [18;1H~                                                                           [19;1H~                                                                           [20;1H~                                                                           [21;1H~                                                                           [22;1H~                                                                           [23;1H~                                                                           [24;1H~                                                                           [25;1H~                                                                           [26;1H~                                                                           [27;1H~                                                                           [28;1H~                                                                           [29;1H~                                                                           [30;1H~                                                                           [31;1H~                                                                           [32;1H~                                                                           [33;1H~                                                                           [34;1H~                                                                           [35;1H~                                                                           [36;1H~                                                                           [37;1H~                                                                           [38;1H~                                                                           [39;1H~                                                                           [40;1H~                                                                           [m[41;59H7,13[10CBot[6;13H[?25h[27m[23m[29m[m[H[2J[?25l[2;1H[96m# Please enter a commit message to explain why this merge is necessary,
# especially if it merges an updated upstream into a topic branch.
#
# Lines starting with '#' will be ignored, and an empty message aborts
# the commit.[m
[94m~                                                                           [8;1H~                                                                           [9;1H~                                                                           [10;1H~                                                                           [11;1H~                                                                           [12;1H~                                                                           [13;1H~                                                                           [14;1H~                                                                           [15;1H~                                                                           [16;1H~                                                                           [17;1H~                                                                           [18;1H~                                                                           [19;1H~                                                                           [20;1H~                                                                           [21;1H~                                                                           [22;1H~                                                                           [23;1H~                                                                           [24;1H~                                                                           [25;1H~                                                                           [26;1H~                                                                           [27;1H~                                                                           [28;1H~                                                                           [29;1H~                                                                           [30;1H~                                                                           [31;1H~                                                                           [32;1H~                                                                           [33;1H~                                                                           [34;1H~                                                                           [35;1H~                                                                           [36;1H~                                                                           [37;1H~                                                                           [38;1H~                                                                           [39;1H~                                                                           [m[40;59H7,13[10CBot[6;13H[?25h[?25l[40;49Ha[6;13H[40;49H [6;14H[40;1H[1m-- INSERT --[m[40;59H[K[40;59H7,14[10CBot[6;14H[?25h[?25l[96mq[m[40;62H5[6;15H[?25h[?25l[96m1[m[40;62H6[6;16H[?25h[?25l[40;4H[1mREPLACE --[m[40;59H[K[40;59H7,16[10CBot[6;16H[?25h[40;1H[K[6;15H[?25l[40;49H^[[6;15H[40;49H  [6;16H[40;59H7,15[10CBot[6;15H[?25h[?25l[40;49H^[[6;15H[40;49H  [6;15H[40;49H^[[6;15H[40;49H  [6;15H[?25h[?25l[40;49H^[[6;15H[40;49H  [6;15H[40;49H^[[6;15H[40;49H  [6;15H[?25h[?25l[40;49H^[[6;15H[40;49H  [6;15H[40;49H^[[6;15H[40;49H  [6;15H[?25h[?25l[40;49H;[6;15H[40;49H [6;15H[?25h[?25l[40;49H:[6;15H[40;49H[K[40;1H:[?2004h[?25h:[?25l[?25h[?25l[40;1H[K[6;15H[40;59H7,15[10CBot[6;15H[?25h[?25l[40;49H:[6;15H[40;49H[K[40;1H:[?2004h[?25h:[?25l[?25h[?25l[40;1H[K[6;15H[40;59H7,15[10CBot[6;15H[?25h[?25l[40;49H:[6;15H[40;49H[K[40;1H:[?2004h[?25h:[?25l[?25h[?25l[40;1H[K[6;15H[40;59H7,15[10CBot[6;15H[?25h[?25l[40;49H:[6;15H[40;49H[K[40;1H:[?2004h[?25h[?25l[40;1H[K[6;15H[40;59H7,15[10CBot[6;15H[?25h[?25l[40;49H;[6;15H[40;49H [6;15H[?25h[?25l[40;49H^[[6;15H[40;49H  [6;15H[?25h[?25l[40;49H:[6;15H[40;49H[K[40;1H:[?2004h[?25h:[?25l[?25h[?25l[40;1H[K[6;15H[40;59H7,15[10CBot[6;15H[?25h[?25l[40;49H:[6;15H[40;49H[K[40;1H:[?2004h[?25h[?25l[40;1H[K[6;15H[40;59H7,15[10CBot[6;15H[?25h[?25l[40;49H^[[6;15H[40;49H  [6;15H[40;49H^[[6;15H[40;49H  [6;15H[?25h[?25l[40;49H^[[6;15H[40;49H  [6;15H[?25h[?25l[40;49H^[[6;15H[40;49H  [6;15H[?25h[?25l[40;49H:[6;15H[40;49H[K[40;1H:[?2004h[?25hq[?25l[?25h![?25l[?25h[?25l[?1006l[?1002l[?2004l]2;Terminal - ]1;Terminal - [23;2t[23;1t[22;2t[22;1t[23;2t[23;1t[40;1H[K[40;1H[?2004l[?1l>[?25h[?1049l[23;0;0t[KMerge made by the 'recursive' strategy.
 work/prj2-sol/big-bits.c | 176 [32m++++++++++++++++++++++++++++++++++++++[m[31m-----[m
 1 file changed, 157 insertions(+), 19 deletions(-)
trecupe1@g7-11:~/i220b/submit/lab8$ ls
hello.c  lab8.log  lab8_output.txt  Makefile  README.md
trecupe1@g7-11:~/i220b/submit/lab8$ git p[K[K[Kt sts[Katus
On branch master
Your branch is ahead of 'origin/master' by 11 commits.
  (use "git push" to publish your local commits)

Changes not staged for commit:
  (use "git add <file>..." to update what will be committed)
  (use "git checkout -- <file>..." to discard changes in working directory)

	[31mmodified:   lab8.log[m

no changes added to commit (use "git add" and/or "git commit -a")
trecupe1@g7-11:~/i220b/submit/lab8$ git add lab8.log
trecupe1@g7-11:~/i220b/submit/lab8$ ls
hello.c  lab8.log  lab8_output.txt  Makefile  README.md
trecupe1@g7-11:~/i220b/submit/lab8$ git push[K[K[K[K[K commit -m ''s'u'b'm'i't't'e'd' 'a'[1P'l'a'b' '8'
[master ab2d9f7] submitted lab 8
 1 file changed, 250 insertions(+), 1 deletion(-)
trecupe1@g7-11:~/i220b/submit/lab8$ git push
Username for 'https://github.com': travisrecupero
Password for 'https://travisrecupero@github.com': 
Enumerating objects: 65, done.
Counting objects:   1% (1/64)   Counting objects:   3% (2/64)   Counting objects:   4% (3/64)   Counting objects:   6% (4/64)   Counting objects:   7% (5/64)   Counting objects:   9% (6/64)   Counting objects:  10% (7/64)   Counting objects:  12% (8/64)   Counting objects:  14% (9/64)   Counting objects:  15% (10/64)   Counting objects:  17% (11/64)   Counting objects:  18% (12/64)   Counting objects:  20% (13/64)   Counting objects:  21% (14/64)   Counting objects:  23% (15/64)   Counting objects:  25% (16/64)   Counting objects:  26% (17/64)   Counting objects:  28% (18/64)   Counting objects:  29% (19/64)   Counting objects:  31% (20/64)   Counting objects:  32% (21/64)   Counting objects:  34% (22/64)   Counting objects:  35% (23/64)   Counting objects:  37% (24/64)   Counting objects:  39% (25/64)   Counting objects:  40% (26/64)   Counting objects:  42% (27/64)   Counting objects:  43% (28/64)   Counting objects:  45% (29/64)   Counting objects:  46% (30/64)   Counting objects:  48% (31/64)   Counting objects:  50% (32/64)   Counting objects:  51% (33/64)   Counting objects:  53% (34/64)   Counting objects:  54% (35/64)   Counting objects:  56% (36/64)   Counting objects:  57% (37/64)   Counting objects:  59% (38/64)   Counting objects:  60% (39/64)   Counting objects:  62% (40/64)   Counting objects:  64% (41/64)   Counting objects:  65% (42/64)   Counting objects:  67% (43/64)   Counting objects:  68% (44/64)   Counting objects:  70% (45/64)   Counting objects:  71% (46/64)   Counting objects:  73% (47/64)   Counting objects:  75% (48/64)   Counting objects:  76% (49/64)   Counting objects:  78% (50/64)   Counting objects:  79% (51/64)   Counting objects:  81% (52/64)   Counting objects:  82% (53/64)   Counting objects:  84% (54/64)   Counting objects:  85% (55/64)   Counting objects:  87% (56/64)   Counting objects:  89% (57/64)   Counting objects:  90% (58/64)   Counting objects:  92% (59/64)   Counting objects:  93% (60/64)   Counting objects:  95% (61/64)   Counting objects:  96% (62/64)   Counting objects:  98% (63/64)   Counting objects: 100% (64/64)   Counting objects: 100% (64/64), done.
Delta compression using up to 8 threads
Compressing objects:   2% (1/42)   Compressing objects:   4% (2/42)   Compressing objects:   7% (3/42)   Compressing objects:   9% (4/42)   Compressing objects:  11% (5/42)   Compressing objects:  14% (6/42)   Compressing objects:  16% (7/42)   Compressing objects:  19% (8/42)   Compressing objects:  21% (9/42)   Compressing objects:  23% (10/42)   Compressing objects:  26% (11/42)   Compressing objects:  28% (12/42)   Compressing objects:  30% (13/42)   Compressing objects:  33% (14/42)   Compressing objects:  35% (15/42)   Compressing objects:  38% (16/42)   Compressing objects:  40% (17/42)   Compressing objects:  42% (18/42)   Compressing objects:  45% (19/42)   Compressing objects:  47% (20/42)   Compressing objects:  50% (21/42)   Compressing objects:  52% (22/42)   Compressing objects:  54% (23/42)   Compressing objects:  57% (24/42)  